../Core/Src/main.c:93:5:main	24	static
../Core/Src/main.c:186:6:SystemClock_Config	104	static
../Core/Src/main.c:237:13:MX_ADC1_Init	48	static
../Core/Src/main.c:304:13:MX_DAC1_Init	48	static
../Core/Src/main.c:348:13:MX_ICACHE_Init	8	static
../Core/Src/main.c:380:13:MX_TIM2_Init	40	static
../Core/Src/main.c:425:13:MX_TIM6_Init	24	static
../Core/Src/main.c:461:13:MX_DMA_Init	16	static
../Core/Src/main.c:483:13:MX_GPIO_Init	40	static
../Core/Src/main.c:535:6:Alternar_DAC	16	static
../Core/Src/main.c:543:6:Crear_LUTC	16	static
../Core/Src/main.c:557:6:Crear_LUT	16	static
../Core/Src/main.c:570:6:Error_Handler	4	static,ignoring_inline_asm
