20:09:26 **** Incremental Build of configuration Debug for project Tarea_2_SAC ****
make -j20 all 
arm-none-eabi-gcc "../Core/Src/main.c" -mcpu=cortex-m33 -std=gnu11 -g3 -DDEBUG -DUSE_HAL_DRIVER -DSTM32L552xx -c -I../Core/Inc -I../Drivers/STM32L5xx_HAL_Driver/Inc -I../Drivers/STM32L5xx_HAL_Driver/Inc/Legacy -I../Drivers/CMSIS/Device/ST/STM32L5xx/Include -I../Drivers/CMSIS/Include -O0 -ffunction-sections -fdata-sections -Wall -fstack-usage -fcyclomatic-complexity -MMD -MP -MF"Core/Src/main.d" -MT"Core/Src/main.o" --specs=nano.specs -mfpu=fpv5-sp-d16 -mfloat-abi=hard -mthumb -o "Core/Src/main.o"
arm-none-eabi-gcc -o "Tarea_2_SAC.elf" @"objects.list"   -mcpu=cortex-m33 -T"C:\Users\Juan\Documents\GitHub\SAC-juanorecar\Tarea_2_SAC\STM32L552ZETXQ_FLASH.ld" --specs=nosys.specs -Wl,-Map="Tarea_2_SAC.map" -Wl,--gc-sections -static --specs=nano.specs -mfpu=fpv5-sp-d16 -mfloat-abi=hard -mthumb -Wl,--start-group -lc -lm -Wl,--end-group
Finished building target: Tarea_2_SAC.elf
 
arm-none-eabi-size  Tarea_2_SAC.elf 
arm-none-eabi-objdump -h -S Tarea_2_SAC.elf  > "Tarea_2_SAC.list"
   text	   data	    bss	    dec	    hex	filename
   8072	     20	   1572	   9664	   25c0	Tarea_2_SAC.elf
Finished building: default.size.stdout
 
Finished building: Tarea_2_SAC.list
 
20:09:30 **** Incremental Build of configuration Debug for project Tarea_2_SAC ****
make -j20 all 
arm-none-eabi-size  Tarea_2_SAC.elf 
   text	   data	    bss	    dec	    hex	filename
   8072	     20	   1572	   9664	   25c0	Tarea_2_SAC.elf
Finished building: default.size.stdout
 
20:10:20 **** Incremental Build of configuration Debug for project Tarea_2_SAC ****
make -j20 all 
arm-none-eabi-gcc "../Core/Src/main.c" -mcpu=cortex-m33 -std=gnu11 -g3 -DDEBUG -DUSE_HAL_DRIVER -DSTM32L552xx -c -I../Core/Inc -I../Drivers/STM32L5xx_HAL_Driver/Inc -I../Drivers/STM32L5xx_HAL_Driver/Inc/Legacy -I../Drivers/CMSIS/Device/ST/STM32L5xx/Include -I../Drivers/CMSIS/Include -O0 -ffunction-sections -fdata-sections -Wall -fstack-usage -fcyclomatic-complexity -MMD -MP -MF"Core/Src/main.d" -MT"Core/Src/main.o" --specs=nano.specs -mfpu=fpv5-sp-d16 -mfloat-abi=hard -mthumb -o "Core/Src/main.o"
arm-none-eabi-gcc -o "Tarea_2_SAC.elf" @"objects.list"   -mcpu=cortex-m33 -T"C:\Users\Juan\Documents\GitHub\SAC-juanorecar\Tarea_2_SAC\STM32L552ZETXQ_FLASH.ld" --specs=nosys.specs -Wl,-Map="Tarea_2_SAC.map" -Wl,--gc-sections -static --specs=nano.specs -mfpu=fpv5-sp-d16 -mfloat-abi=hard -mthumb -Wl,--start-group -lc -lm -Wl,--end-group
Finished building target: Tarea_2_SAC.elf
 
arm-none-eabi-size  Tarea_2_SAC.elf 
arm-none-eabi-objdump -h -S Tarea_2_SAC.elf  > "Tarea_2_SAC.list"
   text	   data	    bss	    dec	    hex	filename
   8088	     20	   1572	   9680	   25d0	Tarea_2_SAC.elf
Finished building: default.size.stdout
 
Finished building: Tarea_2_SAC.list
 
20:11:10 **** Incremental Build of configuration Debug for project Tarea_2_SAC ****
make -j20 all 
arm-none-eabi-gcc "../Core/Src/main.c" -mcpu=cortex-m33 -std=gnu11 -g3 -DDEBUG -DUSE_HAL_DRIVER -DSTM32L552xx -c -I../Core/Inc -I../Drivers/STM32L5xx_HAL_Driver/Inc -I../Drivers/STM32L5xx_HAL_Driver/Inc/Legacy -I../Drivers/CMSIS/Device/ST/STM32L5xx/Include -I../Drivers/CMSIS/Include -O0 -ffunction-sections -fdata-sections -Wall -fstack-usage -fcyclomatic-complexity -MMD -MP -MF"Core/Src/main.d" -MT"Core/Src/main.o" --specs=nano.specs -mfpu=fpv5-sp-d16 -mfloat-abi=hard -mthumb -o "Core/Src/main.o"
arm-none-eabi-gcc -o "Tarea_2_SAC.elf" @"objects.list"   -mcpu=cortex-m33 -T"C:\Users\Juan\Documents\GitHub\SAC-juanorecar\Tarea_2_SAC\STM32L552ZETXQ_FLASH.ld" --specs=nosys.specs -Wl,-Map="Tarea_2_SAC.map" -Wl,--gc-sections -static --specs=nano.specs -mfpu=fpv5-sp-d16 -mfloat-abi=hard -mthumb -Wl,--start-group -lc -lm -Wl,--end-group
Finished building target: Tarea_2_SAC.elf
 
arm-none-eabi-size  Tarea_2_SAC.elf 
arm-none-eabi-objdump -h -S Tarea_2_SAC.elf  > "Tarea_2_SAC.list"
   text	   data	    bss	    dec	    hex	filename
   8104	     20	   1572	   9696	   25e0	Tarea_2_SAC.elf
Finished building: default.size.stdout
 
Finished building: Tarea_2_SAC.list
 
12:30:05 **** Incremental Build of configuration Debug for project Tarea_2_SAC ****
make -j20 all 
arm-none-eabi-gcc "../Core/Src/main.c" -mcpu=cortex-m33 -std=gnu11 -g3 -DDEBUG -DUSE_HAL_DRIVER -DSTM32L552xx -c -I../Core/Inc -I../Drivers/STM32L5xx_HAL_Driver/Inc -I../Drivers/STM32L5xx_HAL_Driver/Inc/Legacy -I../Drivers/CMSIS/Device/ST/STM32L5xx/Include -I../Drivers/CMSIS/Include -O0 -ffunction-sections -fdata-sections -Wall -fstack-usage -fcyclomatic-complexity -MMD -MP -MF"Core/Src/main.d" -MT"Core/Src/main.o" --specs=nano.specs -mfpu=fpv5-sp-d16 -mfloat-abi=hard -mthumb -o "Core/Src/main.o"
arm-none-eabi-gcc -o "Tarea_2_SAC.elf" @"objects.list"   -mcpu=cortex-m33 -T"C:\Users\Juan\Documents\GitHub\SAC-juanorecar\Tarea_2_SAC\STM32L552ZETXQ_FLASH.ld" --specs=nosys.specs -Wl,-Map="Tarea_2_SAC.map" -Wl,--gc-sections -static --specs=nano.specs -mfpu=fpv5-sp-d16 -mfloat-abi=hard -mthumb -Wl,--start-group -lc -lm -Wl,--end-group
Finished building target: Tarea_2_SAC.elf
 
arm-none-eabi-size  Tarea_2_SAC.elf 
arm-none-eabi-objdump -h -S Tarea_2_SAC.elf  > "Tarea_2_SAC.list"
   text	   data	    bss	    dec	    hex	filename
  12268	    112	   1912	  14292	   37d4	Tarea_2_SAC.elf
Finished building: default.size.stdout
 
Finished building: Tarea_2_SAC.list
 
12:35:01 **** Incremental Build of configuration Debug for project Tarea_2_SAC ****
make -j20 all 
arm-none-eabi-size  Tarea_2_SAC.elf 
   text	   data	    bss	    dec	    hex	filename
  12268	    112	   1912	  14292	   37d4	Tarea_2_SAC.elf
Finished building: default.size.stdout
 
12:36:20 **** Incremental Build of configuration Debug for project Tarea_2_SAC ****
make -j20 all 
arm-none-eabi-gcc "../Core/Src/main.c" -mcpu=cortex-m33 -std=gnu11 -g3 -DDEBUG -DUSE_HAL_DRIVER -DSTM32L552xx -c -I../Core/Inc -I../Drivers/STM32L5xx_HAL_Driver/Inc -I../Drivers/STM32L5xx_HAL_Driver/Inc/Legacy -I../Drivers/CMSIS/Device/ST/STM32L5xx/Include -I../Drivers/CMSIS/Include -O0 -ffunction-sections -fdata-sections -Wall -fstack-usage -fcyclomatic-complexity -MMD -MP -MF"Core/Src/main.d" -MT"Core/Src/main.o" --specs=nano.specs -mfpu=fpv5-sp-d16 -mfloat-abi=hard -mthumb -o "Core/Src/main.o"
arm-none-eabi-gcc -o "Tarea_2_SAC.elf" @"objects.list"   -mcpu=cortex-m33 -T"C:\Users\Juan\Documents\GitHub\SAC-juanorecar\Tarea_2_SAC\STM32L552ZETXQ_FLASH.ld" --specs=nosys.specs -Wl,-Map="Tarea_2_SAC.map" -Wl,--gc-sections -static --specs=nano.specs -mfpu=fpv5-sp-d16 -mfloat-abi=hard -mthumb -Wl,--start-group -lc -lm -Wl,--end-group
Finished building target: Tarea_2_SAC.elf
 
arm-none-eabi-size  Tarea_2_SAC.elf 
arm-none-eabi-objdump -h -S Tarea_2_SAC.elf  > "Tarea_2_SAC.list"
   text	   data	    bss	    dec	    hex	filename
  12288	    112	   1912	  14312	   37e8	Tarea_2_SAC.elf
Finished building: default.size.stdout
 
Finished building: Tarea_2_SAC.list
 
